38,19,4

   WWWWWWWWWWWWWWWWWWWWWWWWWW   WWWWW 
  W                         WWWW     W
  W WWWWWWWWWWWWWW WWWW          b R W
 WW WW           W W  W     WWWW     W
W     W  WWWWWWWWW W  W WWWWW   WWWWW 
W W W W W          W  W W             
W     W W    WWWWWW  W   W            
W W W W W        W   W W W            
W     W  WWWWW   W  WW W W            
W W W W  W   W   W W   WW             
W     W  W B WWW W W WW               
W WrW WWWW   WWW W W W                
W                W W W                
 WW WWWWWW   WWW WWW W                
  W W     W W  W     W                
  W W     W W   WWWWW                 
 W   W   W   W                        
 W E W   W S W                        
  WWW     WWW                         

   WWWWWWWWWWWWWWWWWWWWWWWWWW   WWWWW 
  W                         WWWW     W
  W WWWWWWWWWWWWWW WWWW              W
 WW WW           W W  W     WWWW     W
W     W  WWWWWWWWW W  W WWWWW   WWWWW 
W W W W W          W  W W             
W     W W    WWWWWW  W   W            
W W W W W        W   W W W            
W     W  WWWWW   W  WW W W            
W W W W  W   W   W W   WW             
W     W  W   WWW W W WW               
W W W WWWW   WWW W W W                
W                W W W                
 WW WWWWWW   WWW WWW W                
  W W     W W  W     W                
  W W     W W   WWWWW                 
 W   W   W   W                        
 W   W   W   W                        
  WWW     WWW                         

   WWWWWWWWWWWWWWWWWWWWWWWWWW   WWWWW 
  WWWWWWWWWWWWWWWWWWWWWWWWWWWWWW     W
  WWWWWWWWWWWWWWWWWWWWWWWWWWWWWW     W
 WWWWW           WWW  WWWWWWWWWW     W
W     W  WWWWWWWWWWW  WWWWWWW   WWWWW 
W W W W WWWWWWWWWWWW  WWW             
W     W WWWWWWWWWWW  WWWWW            
W W W W WWWWWWWWWW   WWWWW            
W     W  WWWWW   W  WWWWWW            
W W W W  WWWWW   W WWWWWW             
W     W  WWWWWWW W WWWW               
W W W WWWWWWWWWW W WWW                
W     WWWWWWWWWWWW WWW                
 WWWWWWWWWWWWWWWWWWWWW                
  WWW     WWW  WWWWWWW                
  WWW     WWW   WWWWW                 
 WWWWW   WWWWW                        
 WWWWW   WWWWW                        
  WWW     WWW                         

   WWWWWWWWWWWWWWWWWWWWWWWWWW   WWWWW 
  W                         WWWW     W
  W WWWWWWWWWWWWWW WWWW              W
 WW WW           W W  W     WWWW     W
WWWWWWW  WWWWWWWWW W  W WWWWW   WWWWW 
WWWWWWW W          W  W W             
WWWWWWW W    WWWWWW  W   W            
WWWWWWW W        W   W W W            
WWWWWWW  WWWWW   W  WW W W            
WWWWWWW  W   W   W W   WW             
WWWWWWW  W   WWW W W WW               
WWWWWWWWWW   WWW W W W                
WWWWWW           W W W                
 WW WWWWWW   WWW WWW W                
  W W     W W  W     W                
  W W     W W   WWWWW                 
 W   W   W   W                        
 W   W   W   W                        
  WWW     WWW                         

